// Jest Snapshot v1, https://goo.gl/fbAQLP

exports[`changes the class when hovered 1`] = `
<div
  className="App"
>
  <h1>
    Hello CodeSandbox
  </h1>
  <div>
    Error
  </div>
  <h2>
    Start editing to see some magic happen!
  </h2>
</div>
`;
